../Core/Src/source/ssd1306.c:250:6:SSD1306_ToggleInvert	0	static
../Core/Src/source/ssd1306.c:262:6:SSD1306_Fill	0	static
../Core/Src/source/ssd1306.c:267:6:SSD1306_DrawPixel	12	static
../Core/Src/source/ssd1306.c:141:6:SSD1306_DrawBitmap	64	static
../Core/Src/source/ssd1306.c:289:6:SSD1306_GotoXY	0	static
../Core/Src/source/ssd1306.c:298:6:SSD1306_Putc	48	static
../Core/Src/source/ssd1306.c:349:6:SSD1306_Puts	16	static
../Core/Src/source/ssd1306.c:367:6:SSD1306_DrawLine	56	static
../Core/Src/source/ssd1306.c:451:6:SSD1306_DrawRectangle	32	static
../Core/Src/source/ssd1306.c:476:6:SSD1306_DrawFilledRectangle	40	static
../Core/Src/source/ssd1306.c:503:6:SSD1306_DrawTriangle	40	static
../Core/Src/source/ssd1306.c:511:6:SSD1306_DrawFilledTriangle	80	static
../Core/Src/source/ssd1306.c:567:6:SSD1306_DrawCircle	56	static
../Core/Src/source/ssd1306.c:601:6:SSD1306_DrawFilledCircle	64	static
../Core/Src/source/ssd1306.c:660:6:ssd1306_I2C_Init	0	static
../Core/Src/source/ssd1306.c:672:6:ssd1306_I2C_WriteMulti	280	static
../Core/Src/source/ssd1306.c:682:6:ssd1306_I2C_Write	24	static
../Core/Src/source/ssd1306.c:67:6:SSD1306_ScrollRight	16	static
../Core/Src/source/ssd1306.c:80:6:SSD1306_ScrollLeft	16	static
../Core/Src/source/ssd1306.c:93:6:SSD1306_Scrolldiagright	16	static
../Core/Src/source/ssd1306.c:109:6:SSD1306_Scrolldiagleft	16	static
../Core/Src/source/ssd1306.c:125:6:SSD1306_Stopscroll	0	static
../Core/Src/source/ssd1306.c:132:6:SSD1306_InvertDisplay	0	static
../Core/Src/source/ssd1306.c:237:6:SSD1306_UpdateScreen	16	static
../Core/Src/source/ssd1306.c:634:6:SSD1306_Clear	8	static
../Core/Src/source/ssd1306.c:171:9:SSD1306_Init	8	static
../Core/Src/source/ssd1306.c:639:6:SSD1306_ON	8	static
../Core/Src/source/ssd1306.c:644:6:SSD1306_OFF	8	static
